// Jest Snapshot v1, https://goo.gl/fbAQLP

exports[`ModalView basic 1`] = `
<div
  aria-hidden="true"
/>
`;
